
> frontend-app@0.0.0 build
> vite build

[36mvite v7.3.1 [32mbuilding client environment for production...[36m[39m
transforming...
[32m✓[39m 1058 modules transformed.
[31m✗[39m Build failed in 2.49s
[31merror during build:
[31mCould not resolve "../../../context/HostelContext" from "src/pages/admin/Overview.jsx"[31m
file: [36mC:/Users/mahes/OneDrive/Desktop/hms/frontend/src/pages/admin/Overview.jsx[31m
    at getRollupError (file:///C:/Users/mahes/OneDrive/Desktop/hms/frontend/node_modules/rollup/dist/es/shared/parseAst.js:402:41)
    at error (file:///C:/Users/mahes/OneDrive/Desktop/hms/frontend/node_modules/rollup/dist/es/shared/parseAst.js:398:42)
    at ModuleLoader.handleInvalidResolvedId (file:///C:/Users/mahes/OneDrive/Desktop/hms/frontend/node_modules/rollup/dist/es/shared/node-entry.js:21710:24)
    at file:///C:/Users/mahes/OneDrive/Desktop/hms/frontend/node_modules/rollup/dist/es/shared/node-entry.js:21670:26[39m
